Ingested 170 batter lines across 8 games for 2026-07-06
---
🚨 BATTERGAMI 🚨

James Wood just posted a line that has NEVER happened in MLB history:

2 AB | 3 R | 1 H | 1 HR | 4 RBI | 3 BB | 1 SB

HOU @ WSH
That's the 67th Battergami of 2026 and 1 of 34,847+ unique lines on record.
Ingested 320 batter lines across 15 games for 2026-07-05
No never-before-seen batting lines found for 2026-07-05.
=== Run started: Mon Jul  6 06:36:17 EDT 2026 ===
Ingested 170 batter lines across 8 games for 2026-07-06
=== Run started: Tue Jul  7 15:00:02 EDT 2026 ===
Ingested 0 batter lines across 0 games for 2026-07-07
No never-before-seen batting lines found for 2026-07-07.
=== Run started: Tue Jul  7 16:00:00 EDT 2026 ===
Ingested 0 batter lines across 0 games for 2026-07-07
No never-before-seen batting lines found for 2026-07-07.
=== Run started: Tue Jul  7 17:23:00 EDT 2026 ===
Ingested 22 batter lines across 1 games for 2026-07-07
No never-before-seen batting lines found for 2026-07-07.
=== Run started: Tue Jul  7 18:00:00 EDT 2026 ===
Ingested 22 batter lines across 1 games for 2026-07-07
No never-before-seen batting lines found for 2026-07-07.
=== Run started: Tue Jul  7 19:00:00 EDT 2026 ===
Ingested 22 batter lines across 1 games for 2026-07-07
No never-before-seen batting lines found for 2026-07-07.
=== Run started: Tue Jul  7 20:00:00 EDT 2026 ===
Ingested 22 batter lines across 1 games for 2026-07-07
No never-before-seen batting lines found for 2026-07-07.
=== Run started: Tue Jul  7 21:00:00 EDT 2026 ===
Ingested 22 batter lines across 1 games for 2026-07-07
No never-before-seen batting lines found for 2026-07-07.
=== Run started: Tue Jul  7 22:00:00 EDT 2026 ===
Ingested 111 batter lines across 5 games for 2026-07-07
---
🚨 BATTERGAMI 🚨

Nick Allen just posted a line that has NEVER happened in MLB history:

2 AB | 1 H | 3 RBI | 1 BB | 1 SO | 1 SB

HOU @ WSH
That's the 68th Battergami of 2026 and 1 of 34,848+ unique lines on record.
=== Run started: Tue Jul  7 23:00:00 EDT 2026 ===
Ingested 280 batter lines across 13 games for 2026-07-07
---
🚨 BATTERGAMI 🚨

Lane Thomas just posted a line that has NEVER happened in MLB history:

4 AB | 1 R | 3 H | 2 2B | 4 RBI | 2 BB | 1 SO

KC @ NYM
That's the 69th Battergami of 2026 and 1 of 34,850+ unique lines on record.
---
🚨 BATTERGAMI 🚨

Michael Massey just posted a line that has NEVER happened in MLB history:

4 AB | 4 R | 2 H | 1 2B | 2 RBI | 2 BB | 1 SO

KC @ NYM
That's the 70th Battergami of 2026 and 1 of 34,850+ unique lines on record.
=== Run started: Wed Jul  8 00:00:00 EDT 2026 ===
Ingested 0 batter lines across 0 games for 2026-07-08
No never-before-seen batting lines found for 2026-07-08.
=== Run started: Wed Jul  8 01:00:00 EDT 2026 ===
Ingested 0 batter lines across 0 games for 2026-07-08
No new never-before-seen batting lines found for 2026-07-08 (this run).
No candidate games available to report a closest call for either.
=== Run started: Wed Jul  8 02:00:01 EDT 2026 ===
Ingested 0 batter lines across 0 games for 2026-07-08
No new never-before-seen batting lines found for 2026-07-08 (this run).
No candidate games available to report a closest call for either.
=== Run started: Wed Jul  8 05:00:00 EDT 2026 ===
Traceback (most recent call last):
  File "/Users/jonathancarter/battergami/pipeline.py", line 513, in <module>
    run_day(
  File "/Users/jonathancarter/battergami/pipeline.py", line 422, in run_day
    new_game_ids = ingest_day(target_date)
                   ^^^^^^^^^^^^^^^^^^^^^^^
  File "/Users/jonathancarter/battergami/pipeline.py", line 189, in ingest_day
    total += fetch_and_store_boxscore(conn, pk, target_date, game_type)
             ^^^^^^^^^^^^^^^^^^^^^^^^^^^^^^^^^^^^^^^^^^^^^^^^^^^^^^^^^^
  File "/Users/jonathancarter/battergami/pipeline.py", line 140, in fetch_and_store_boxscore
    conn.executemany(
sqlite3.OperationalError: table batter_game_lines has no column named game_type
=== Run started: Wed Jul  8 13:00:01 EDT 2026 ===
Ingested 0 batter lines across 0 games for 2026-07-08
No new never-before-seen batting lines found for 2026-07-08 (this run).
No candidate games available to report a closest call for either.
=== Run started: Wed Jul  8 14:00:00 EDT 2026 ===
Ingested 0 batter lines across 0 games for 2026-07-08
No new never-before-seen batting lines found for 2026-07-08 (this run).
No candidate games available to report a closest call for either.
=== Run started: Wed Jul  8 15:00:01 EDT 2026 ===
Ingested 0 batter lines across 0 games for 2026-07-08
No new never-before-seen batting lines found for 2026-07-08 (this run).
No candidate games available to report a closest call for either.
=== Run started: Wed Jul  8 16:00:00 EDT 2026 ===
Ingested 0 batter lines across 0 games for 2026-07-08
No new never-before-seen batting lines found for 2026-07-08 (this run).
No candidate games available to report a closest call for either.
=== Run started: Wed Jul  8 17:00:00 EDT 2026 ===
Ingested 0 batter lines across 0 games for 2026-07-08
No new never-before-seen batting lines found for 2026-07-08 (this run).
No candidate games available to report a closest call for either.
=== Run started: Wed Jul  8 18:00:01 EDT 2026 ===
Ingested 0 batter lines across 0 games for 2026-07-08
No new never-before-seen batting lines found for 2026-07-08 (this run).
No candidate games available to report a closest call for either.
=== Run started: Wed Jul  8 19:00:01 EDT 2026 ===
Traceback (most recent call last):
  File "/Users/jonathancarter/battergami/pipeline.py", line 513, in <module>
    run_day(
  File "/Users/jonathancarter/battergami/pipeline.py", line 422, in run_day
    new_game_ids = ingest_day(target_date)
                   ^^^^^^^^^^^^^^^^^^^^^^^
  File "/Users/jonathancarter/battergami/pipeline.py", line 189, in ingest_day
    total += fetch_and_store_boxscore(conn, pk, target_date, game_type)
             ^^^^^^^^^^^^^^^^^^^^^^^^^^^^^^^^^^^^^^^^^^^^^^^^^^^^^^^^^^
  File "/Users/jonathancarter/battergami/pipeline.py", line 140, in fetch_and_store_boxscore
    conn.executemany(
sqlite3.OperationalError: table batter_game_lines has no column named game_type
=== Run started: Wed Jul  8 20:00:00 EDT 2026 ===
Traceback (most recent call last):
  File "/Users/jonathancarter/battergami/pipeline.py", line 513, in <module>
    run_day(
  File "/Users/jonathancarter/battergami/pipeline.py", line 422, in run_day
    new_game_ids = ingest_day(target_date)
                   ^^^^^^^^^^^^^^^^^^^^^^^
  File "/Users/jonathancarter/battergami/pipeline.py", line 189, in ingest_day
    total += fetch_and_store_boxscore(conn, pk, target_date, game_type)
             ^^^^^^^^^^^^^^^^^^^^^^^^^^^^^^^^^^^^^^^^^^^^^^^^^^^^^^^^^^
  File "/Users/jonathancarter/battergami/pipeline.py", line 140, in fetch_and_store_boxscore
    conn.executemany(
sqlite3.OperationalError: table batter_game_lines has no column named game_type
=== Run started: Wed Jul  8 21:00:01 EDT 2026 ===
Traceback (most recent call last):
  File "/Users/jonathancarter/battergami/pipeline.py", line 513, in <module>
    run_day(
  File "/Users/jonathancarter/battergami/pipeline.py", line 422, in run_day
    new_game_ids = ingest_day(target_date)
                   ^^^^^^^^^^^^^^^^^^^^^^^
  File "/Users/jonathancarter/battergami/pipeline.py", line 189, in ingest_day
    total += fetch_and_store_boxscore(conn, pk, target_date, game_type)
             ^^^^^^^^^^^^^^^^^^^^^^^^^^^^^^^^^^^^^^^^^^^^^^^^^^^^^^^^^^
  File "/Users/jonathancarter/battergami/pipeline.py", line 140, in fetch_and_store_boxscore
    conn.executemany(
sqlite3.OperationalError: table batter_game_lines has no column named game_type
=== Run started: Wed Jul  8 22:00:00 EDT 2026 ===
Traceback (most recent call last):
  File "/Users/jonathancarter/battergami/pipeline.py", line 513, in <module>
    run_day(
  File "/Users/jonathancarter/battergami/pipeline.py", line 422, in run_day
    new_game_ids = ingest_day(target_date)
                   ^^^^^^^^^^^^^^^^^^^^^^^
  File "/Users/jonathancarter/battergami/pipeline.py", line 189, in ingest_day
    total += fetch_and_store_boxscore(conn, pk, target_date, game_type)
             ^^^^^^^^^^^^^^^^^^^^^^^^^^^^^^^^^^^^^^^^^^^^^^^^^^^^^^^^^^
  File "/Users/jonathancarter/battergami/pipeline.py", line 140, in fetch_and_store_boxscore
    conn.executemany(
sqlite3.OperationalError: table batter_game_lines has no column named game_type
=== Run started: Wed Jul  8 23:00:00 EDT 2026 ===
Traceback (most recent call last):
  File "/Users/jonathancarter/battergami/pipeline.py", line 513, in <module>
    run_day(
  File "/Users/jonathancarter/battergami/pipeline.py", line 422, in run_day
    new_game_ids = ingest_day(target_date)
                   ^^^^^^^^^^^^^^^^^^^^^^^
  File "/Users/jonathancarter/battergami/pipeline.py", line 189, in ingest_day
    total += fetch_and_store_boxscore(conn, pk, target_date, game_type)
             ^^^^^^^^^^^^^^^^^^^^^^^^^^^^^^^^^^^^^^^^^^^^^^^^^^^^^^^^^^
  File "/Users/jonathancarter/battergami/pipeline.py", line 140, in fetch_and_store_boxscore
    conn.executemany(
sqlite3.OperationalError: table batter_game_lines has no column named game_type
=== Run started: Wed Jul  8 23:13:40 EDT 2026 ===
Ingested 265 batter lines across 13 games for 2026-07-08
No new never-before-seen batting lines found for 2026-07-08 (this run).

Posted 0 closest-call tweet(s) for 2026-07-08.
=== Run started: Thu Jul  9 00:00:00 EDT 2026 ===
Ingested 0 batter lines across 0 games for 2026-07-09
No new never-before-seen batting lines found for 2026-07-09 (this run).
No candidate games available to report a closest call for either.
=== Run started: Thu Jul  9 01:00:00 EDT 2026 ===
Ingested 0 batter lines across 0 games for 2026-07-09
No new never-before-seen batting lines found for 2026-07-09 (this run).
No candidate games available to report a closest call for either.
=== Run started: Thu Jul  9 02:00:01 EDT 2026 ===
Ingested 0 batter lines across 0 games for 2026-07-09
No new never-before-seen batting lines found for 2026-07-09 (this run).
No candidate games available to report a closest call for either.
=== Run started: Thu Jul  9 05:00:00 EDT 2026 ===
Ingested 306 batter lines across 15 games for 2026-07-08
No new never-before-seen batting lines found for 2026-07-08 (this run).

Posted 0 closest-call tweet(s) for 2026-07-08.
=== Run started: Thu Jul  9 13:00:00 EDT 2026 ===
Ingested 0 batter lines across 0 games for 2026-07-09
No new never-before-seen batting lines found for 2026-07-09 (this run).
No candidate games available to report a closest call for either.
=== Run started: Thu Jul  9 14:00:01 EDT 2026 ===
Ingested 0 batter lines across 0 games for 2026-07-09
No new never-before-seen batting lines found for 2026-07-09 (this run).
No candidate games available to report a closest call for either.
=== Run started: Thu Jul  9 15:00:00 EDT 2026 ===
Ingested 0 batter lines across 0 games for 2026-07-09
No new never-before-seen batting lines found for 2026-07-09 (this run).
No candidate games available to report a closest call for either.
=== Run started: Thu Jul  9 16:00:00 EDT 2026 ===
Ingested 22 batter lines across 1 games for 2026-07-09
No new never-before-seen batting lines found for 2026-07-09 (this run).
---
NO BATTERGAMI.

Carson Benge | KC @ NYM

3 AB | 2 R | 2 H | 1 RBI | 1 BB | 1 SB

This stat line has been thrown 165 times before. The last time this happened was on 2025-08-19 by Geraldo Perdomo.

Posted 1 closest-call tweet(s) for 2026-07-09.
=== Run started: Thu Jul  9 17:00:00 EDT 2026 ===
Ingested 127 batter lines across 6 games for 2026-07-09
No new never-before-seen batting lines found for 2026-07-09 (this run).
---
NO BATTERGAMI.

Jake Mangum | ATL @ PIT

5 AB | 1 R | 4 H | 1 2B | 1 HR | 3 RBI | 1 SB

This stat line has been posted 8 times before. The last time this happened was on 2023-08-11 by Xander Bogaerts.

Posted 1 closest-call tweet(s) for 2026-07-09.
=== Run started: Thu Jul  9 18:00:00 EDT 2026 ===
Ingested 127 batter lines across 6 games for 2026-07-09
No new never-before-seen batting lines found for 2026-07-09 (this run).

Posted 0 closest-call tweet(s) for 2026-07-09.
=== Run started: Thu Jul  9 19:00:00 EDT 2026 ===
Ingested 127 batter lines across 6 games for 2026-07-09
No new never-before-seen batting lines found for 2026-07-09 (this run).

Posted 0 closest-call tweet(s) for 2026-07-09.
=== Run started: Thu Jul  9 20:00:01 EDT 2026 ===
Ingested 127 batter lines across 6 games for 2026-07-09
No new never-before-seen batting lines found for 2026-07-09 (this run).

Posted 0 closest-call tweet(s) for 2026-07-09.
=== Run started: Thu Jul  9 21:00:00 EDT 2026 ===
Ingested 127 batter lines across 6 games for 2026-07-09
No new never-before-seen batting lines found for 2026-07-09 (this run).

Posted 0 closest-call tweet(s) for 2026-07-09.
=== Run started: Thu Jul  9 22:00:00 EDT 2026 ===
Ingested 187 batter lines across 9 games for 2026-07-09
No new never-before-seen batting lines found for 2026-07-09 (this run).

Posted 0 closest-call tweet(s) for 2026-07-09.
=== Run started: Thu Jul  9 23:00:00 EDT 2026 ===
Ingested 205 batter lines across 10 games for 2026-07-09
No new never-before-seen batting lines found for 2026-07-09 (this run).

Posted 0 closest-call tweet(s) for 2026-07-09.
=== Run started: Fri Jul 10 00:00:00 EDT 2026 ===
Ingested 0 batter lines across 0 games for 2026-07-10
No new never-before-seen batting lines found for 2026-07-10 (this run).
No candidate games available to report a closest call for either.
=== Run started: Fri Jul 10 01:00:00 EDT 2026 ===
Ingested 0 batter lines across 0 games for 2026-07-10
No new never-before-seen batting lines found for 2026-07-10 (this run).
No candidate games available to report a closest call for either.
=== Run started: Fri Jul 10 02:00:00 EDT 2026 ===
Ingested 0 batter lines across 0 games for 2026-07-10
No new never-before-seen batting lines found for 2026-07-10 (this run).
No candidate games available to report a closest call for either.
=== Run started: Fri Jul 10 05:00:01 EDT 2026 ===
Ingested 270 batter lines across 13 games for 2026-07-09
No new never-before-seen batting lines found for 2026-07-09 (this run).

Posted 0 closest-call tweet(s) for 2026-07-09.
=== Run started: Fri Jul 10 13:00:00 EDT 2026 ===
Ingested 0 batter lines across 0 games for 2026-07-10
No new never-before-seen batting lines found for 2026-07-10 (this run).
No candidate games available to report a closest call for either.
=== Run started: Fri Jul 10 14:00:00 EDT 2026 ===
Ingested 0 batter lines across 0 games for 2026-07-10
No new never-before-seen batting lines found for 2026-07-10 (this run).
No candidate games available to report a closest call for either.
=== Run started: Fri Jul 10 15:00:00 EDT 2026 ===
Ingested 0 batter lines across 0 games for 2026-07-10
No new never-before-seen batting lines found for 2026-07-10 (this run).
No candidate games available to report a closest call for either.
=== Run started: Fri Jul 10 16:00:01 EDT 2026 ===
Ingested 0 batter lines across 0 games for 2026-07-10
No new never-before-seen batting lines found for 2026-07-10 (this run).
No candidate games available to report a closest call for either.
=== Run started: Fri Jul 10 17:00:00 EDT 2026 ===
Ingested 0 batter lines across 1 games for 2026-07-10
No new never-before-seen batting lines found for 2026-07-10 (this run).
No candidate games available to report a closest call for either.
=== Run started: Fri Jul 10 18:00:00 EDT 2026 ===
Ingested 78 batter lines across 5 games for 2026-07-10
No new never-before-seen batting lines found for 2026-07-10 (this run).
---
NO BATTERGAMI.

Esteury Ruiz | CLE @ MIA

0 H | 0 RBI | 3 BB | 1 SB

This stat line has been posted 25 times before. The last time this happened was on 2025-05-06 by CJ Abrams.

Posted 1 closest-call tweet(s) for 2026-07-10.
=== Run started: Fri Jul 10 19:00:00 EDT 2026 ===
Ingested 140 batter lines across 8 games for 2026-07-10
No new never-before-seen batting lines found for 2026-07-10 (this run).
---
NO BATTERGAMI.

Tristan Peters | ATH @ CWS

4 AB | 2 R | 4 H | 1 2B | 1 3B | 1 HR | 4 RBI

This stat line has been posted 2 times before. The last time this happened was on 2003-06-24 by Brad Wilkerson.

Posted 1 closest-call tweet(s) for 2026-07-10.
=== Run started: Fri Jul 10 20:00:00 EDT 2026 ===
Ingested 182 batter lines across 10 games for 2026-07-10
No new never-before-seen batting lines found for 2026-07-10 (this run).

Posted 0 closest-call tweet(s) for 2026-07-10.
=== Run started: Fri Jul 10 21:00:01 EDT 2026 ===
Ingested 227 batter lines across 12 games for 2026-07-10
No new never-before-seen batting lines found for 2026-07-10 (this run).

Posted 0 closest-call tweet(s) for 2026-07-10.
=== Run started: Fri Jul 10 22:00:00 EDT 2026 ===
Ingested 274 batter lines across 14 games for 2026-07-10
No new never-before-seen batting lines found for 2026-07-10 (this run).

Posted 0 closest-call tweet(s) for 2026-07-10.
=== Run started: Fri Jul 10 23:00:00 EDT 2026 ===
Ingested 297 batter lines across 15 games for 2026-07-10
No new never-before-seen batting lines found for 2026-07-10 (this run).

Posted 0 closest-call tweet(s) for 2026-07-10.
=== Run started: Sat Jul 11 00:00:00 EDT 2026 ===
Ingested 0 batter lines across 0 games for 2026-07-11
No new never-before-seen batting lines found for 2026-07-11 (this run).
No candidate games available to report a closest call for either.
=== Run started: Sat Jul 11 01:00:01 EDT 2026 ===
Ingested 0 batter lines across 0 games for 2026-07-11
No new never-before-seen batting lines found for 2026-07-11 (this run).
No candidate games available to report a closest call for either.
=== Run started: Sat Jul 11 02:00:01 EDT 2026 ===
Ingested 0 batter lines across 0 games for 2026-07-11
No new never-before-seen batting lines found for 2026-07-11 (this run).
No candidate games available to report a closest call for either.
=== Run started: Sat Jul 11 11:18:08 EDT 2026 ===
Ingested 291 batter lines across 14 games for 2026-07-11
No new never-before-seen batting lines found for 2026-07-11 (this run).
---
NO BATTERGAMI.

Derek Hill | PHI @ DET

3 AB | 1 R | 1 H | 1 RBI | 3 SB

This stat line has been posted 1 time before. The last time this happened was on 1903-05-21 by Billy Gilbert.

Posted 1 closest-call tweet(s) for 2026-07-11.
=== Run started: Sat Jul 11 13:00:01 EDT 2026 ===
Ingested 336 batter lines across 16 games for 2026-07-11
No new never-before-seen batting lines found for 2026-07-11 (this run).

Posted 0 closest-call tweet(s) for 2026-07-11.
=== Run started: Sat Jul 11 14:00:00 EDT 2026 ===
Ingested 336 batter lines across 16 games for 2026-07-11
No new never-before-seen batting lines found for 2026-07-11 (this run).

Posted 0 closest-call tweet(s) for 2026-07-11.
=== Run started: Sat Jul 11 15:00:00 EDT 2026 ===
Ingested 336 batter lines across 16 games for 2026-07-11
No new never-before-seen batting lines found for 2026-07-11 (this run).

Posted 0 closest-call tweet(s) for 2026-07-11.
=== Run started: Sat Jul 11 16:00:00 EDT 2026 ===
Ingested 336 batter lines across 16 games for 2026-07-11
No new never-before-seen batting lines found for 2026-07-11 (this run).

Posted 0 closest-call tweet(s) for 2026-07-11.
=== Run started: Sat Jul 11 17:00:00 EDT 2026 ===
Ingested 336 batter lines across 16 games for 2026-07-11
No new never-before-seen batting lines found for 2026-07-11 (this run).

Posted 0 closest-call tweet(s) for 2026-07-11.
=== Run started: Sat Jul 11 18:00:00 EDT 2026 ===
Ingested 336 batter lines across 16 games for 2026-07-11
No new never-before-seen batting lines found for 2026-07-11 (this run).

Posted 0 closest-call tweet(s) for 2026-07-11.
=== Run started: Sat Jul 11 19:00:00 EDT 2026 ===
Ingested 336 batter lines across 16 games for 2026-07-11
No new never-before-seen batting lines found for 2026-07-11 (this run).

Posted 0 closest-call tweet(s) for 2026-07-11.
=== Run started: Sat Jul 11 20:00:01 EDT 2026 ===
Ingested 336 batter lines across 16 games for 2026-07-11
No new never-before-seen batting lines found for 2026-07-11 (this run).

Posted 0 closest-call tweet(s) for 2026-07-11.
=== Run started: Sat Jul 11 21:00:00 EDT 2026 ===
Ingested 336 batter lines across 16 games for 2026-07-11
No new never-before-seen batting lines found for 2026-07-11 (this run).

Posted 0 closest-call tweet(s) for 2026-07-11.
=== Run started: Sat Jul 11 22:00:00 EDT 2026 ===
Ingested 336 batter lines across 16 games for 2026-07-11
No new never-before-seen batting lines found for 2026-07-11 (this run).

Posted 0 closest-call tweet(s) for 2026-07-11.
=== Run started: Sat Jul 11 23:00:00 EDT 2026 ===
Ingested 336 batter lines across 16 games for 2026-07-11
No new never-before-seen batting lines found for 2026-07-11 (this run).

Posted 0 closest-call tweet(s) for 2026-07-11.
=== Run started: Sun Jul 12 00:00:00 EDT 2026 ===
Ingested 0 batter lines across 0 games for 2026-07-12
No new never-before-seen batting lines found for 2026-07-12 (this run).
No candidate games available to report a closest call for either.
=== Run started: Sun Jul 12 01:00:00 EDT 2026 ===
Ingested 0 batter lines across 0 games for 2026-07-12
No new never-before-seen batting lines found for 2026-07-12 (this run).
No candidate games available to report a closest call for either.
=== Run started: Sun Jul 12 02:00:00 EDT 2026 ===
Ingested 0 batter lines across 0 games for 2026-07-12
No new never-before-seen batting lines found for 2026-07-12 (this run).
No candidate games available to report a closest call for either.
=== Run started: Sun Jul 12 05:00:01 EDT 2026 ===
Ingested 336 batter lines across 16 games for 2026-07-11
No new never-before-seen batting lines found for 2026-07-11 (this run).

Posted 0 closest-call tweet(s) for 2026-07-11.
=== Run started: Sun Jul 12 05:29:34 EDT 2026 ===
Ingested 234 batter lines across 11 games for 2026-07-12
No new never-before-seen batting lines found for 2026-07-12 (this run).
---
NO BATTERGAMI.

Henry Davis | MIL @ PIT

4 AB | 3 R | 2 H | 1 HR | 3 RBI | 1 SO

This stat line has been posted 17 times before. The last time this happened was on 2025-09-01 by Nick Fortes.

Posted 1 closest-call tweet(s) for 2026-07-12.
=== Run started: Sun Jul 12 12:00:00 EDT 2026 ===
Ingested 319 batter lines across 15 games for 2026-07-12
No new never-before-seen batting lines found for 2026-07-12 (this run).
---
NO BATTERGAMI.

Josh Jung | HOU @ TEX

3 AB | 1 R | 2 H | 1 3B | 0 RBI | 2 BB | 1 SO

This stat line has been posted 17 times before. The last time this happened was on 2015-08-18 by Cory Spangenberg.

Posted 1 closest-call tweet(s) for 2026-07-12.
=== Run started: Sun Jul 12 13:00:00 EDT 2026 ===
Ingested 319 batter lines across 15 games for 2026-07-12
No new never-before-seen batting lines found for 2026-07-12 (this run).

Posted 0 closest-call tweet(s) for 2026-07-12.
=== Run started: Sun Jul 12 14:00:01 EDT 2026 ===
Ingested 319 batter lines across 15 games for 2026-07-12
No new never-before-seen batting lines found for 2026-07-12 (this run).

Posted 0 closest-call tweet(s) for 2026-07-12.
=== Run started: Sun Jul 12 15:00:00 EDT 2026 ===
Ingested 319 batter lines across 15 games for 2026-07-12
No new never-before-seen batting lines found for 2026-07-12 (this run).

Posted 0 closest-call tweet(s) for 2026-07-12.
=== Run started: Sun Jul 12 16:00:00 EDT 2026 ===
Ingested 319 batter lines across 15 games for 2026-07-12
No new never-before-seen batting lines found for 2026-07-12 (this run).

Posted 0 closest-call tweet(s) for 2026-07-12.
=== Run started: Sun Jul 12 17:00:01 EDT 2026 ===
Ingested 319 batter lines across 15 games for 2026-07-12
No new never-before-seen batting lines found for 2026-07-12 (this run).

Posted 0 closest-call tweet(s) for 2026-07-12.
=== Run started: Sun Jul 12 18:00:00 EDT 2026 ===
Ingested 319 batter lines across 15 games for 2026-07-12
No new never-before-seen batting lines found for 2026-07-12 (this run).

Posted 0 closest-call tweet(s) for 2026-07-12.
=== Run started: Sun Jul 12 19:00:00 EDT 2026 ===
Ingested 319 batter lines across 15 games for 2026-07-12
No new never-before-seen batting lines found for 2026-07-12 (this run).

Posted 0 closest-call tweet(s) for 2026-07-12.
=== Run started: Sun Jul 12 20:00:00 EDT 2026 ===
Ingested 319 batter lines across 15 games for 2026-07-12
No new never-before-seen batting lines found for 2026-07-12 (this run).

Posted 0 closest-call tweet(s) for 2026-07-12.
=== Run started: Sun Jul 12 21:00:00 EDT 2026 ===
Ingested 319 batter lines across 15 games for 2026-07-12
No new never-before-seen batting lines found for 2026-07-12 (this run).

Posted 0 closest-call tweet(s) for 2026-07-12.
=== Run started: Sun Jul 12 22:00:00 EDT 2026 ===
Ingested 319 batter lines across 15 games for 2026-07-12
No new never-before-seen batting lines found for 2026-07-12 (this run).

Posted 0 closest-call tweet(s) for 2026-07-12.
=== Run started: Mon Jul 13 12:00:01 EDT 2026 ===
Ingested 0 batter lines across 0 games for 2026-07-13
No new never-before-seen batting lines found for 2026-07-13 (this run).
No candidate games available to report a closest call for either.
=== Run started: Wed Jul 15 19:00:01 EDT 2026 ===
Ingested 0 batter lines across 0 games for 2026-07-15
No new never-before-seen batting lines found for 2026-07-15 (this run).
No candidate games available to report a closest call for either.
=== Run started: Thu Jul 16 16:36:01 EDT 2026 ===
Ingested 0 batter lines across 0 games for 2026-07-16
No new never-before-seen batting lines found for 2026-07-16 (this run).
No candidate games available to report a closest call for either.
=== Run started: Thu Jul 16 17:00:00 EDT 2026 ===
Ingested 0 batter lines across 0 games for 2026-07-16
No new never-before-seen batting lines found for 2026-07-16 (this run).
No candidate games available to report a closest call for either.
=== Run started: Thu Jul 16 18:00:00 EDT 2026 ===
Ingested 0 batter lines across 0 games for 2026-07-16
No new never-before-seen batting lines found for 2026-07-16 (this run).
No candidate games available to report a closest call for either.
=== Run started: Thu Jul 16 19:00:00 EDT 2026 ===
Ingested 0 batter lines across 0 games for 2026-07-16
No new never-before-seen batting lines found for 2026-07-16 (this run).
No candidate games available to report a closest call for either.
=== Run started: Thu Jul 16 20:00:01 EDT 2026 ===
Ingested 0 batter lines across 0 games for 2026-07-16
No new never-before-seen batting lines found for 2026-07-16 (this run).
No candidate games available to report a closest call for either.
=== Run started: Thu Jul 16 21:00:01 EDT 2026 ===
Ingested 19 batter lines across 1 games for 2026-07-16
No new never-before-seen batting lines found for 2026-07-16 (this run).
---
NO BATTERGAMI.

Francisco Alvarez | NYM @ PHI

3 AB | 2 R | 2 H | 2 HR | 2 RBI | 1 BB | 1 SO

This stat line has been posted 82 times before. The last time this happened was on 2026-07-03 by Matt Olson.

Posted 1 closest-call tweet(s) for 2026-07-16.
=== Run started: Thu Jul 16 22:00:00 EDT 2026 ===
Ingested 19 batter lines across 1 games for 2026-07-16
No new never-before-seen batting lines found for 2026-07-16 (this run).

Posted 0 closest-call tweet(s) for 2026-07-16.
=== Run started: Thu Jul 16 23:00:00 EDT 2026 ===
Ingested 19 batter lines across 1 games for 2026-07-16
No new never-before-seen batting lines found for 2026-07-16 (this run).

Posted 0 closest-call tweet(s) for 2026-07-16.
=== Run started: Fri Jul 17 00:00:02 EDT 2026 ===
Ingested 0 batter lines across 0 games for 2026-07-17
No new never-before-seen batting lines found for 2026-07-17 (this run).
No candidate games available to report a closest call for either.
=== Run started: Fri Jul 17 01:00:00 EDT 2026 ===
Ingested 0 batter lines across 0 games for 2026-07-17
No new never-before-seen batting lines found for 2026-07-17 (this run).
No candidate games available to report a closest call for either.
=== Run started: Fri Jul 17 05:00:00 EDT 2026 ===
Ingested 19 batter lines across 1 games for 2026-07-16
No new never-before-seen batting lines found for 2026-07-16 (this run).

Posted 0 closest-call tweet(s) for 2026-07-16.
=== Run started: Fri Jul 17 16:57:06 EDT 2026 ===
Ingested 19 batter lines across 2 games for 2026-07-17
No new never-before-seen batting lines found for 2026-07-17 (this run).
---
NO BATTERGAMI.

Jarren Duran | TB @ BOS

3 AB | 1 R | 1 H | 3 RBI | 1 SO

This stat line has been posted 26 times before. The last time this happened was on 2025-04-11 by Omar Narvaez.

Posted 1 closest-call tweet(s) for 2026-07-17.
=== Run started: Fri Jul 17 17:00:00 EDT 2026 ===
Ingested 19 batter lines across 2 games for 2026-07-17
No new never-before-seen batting lines found for 2026-07-17 (this run).

Posted 0 closest-call tweet(s) for 2026-07-17.
=== Run started: Fri Jul 17 18:00:00 EDT 2026 ===
Ingested 19 batter lines across 2 games for 2026-07-17
No new never-before-seen batting lines found for 2026-07-17 (this run).

Posted 0 closest-call tweet(s) for 2026-07-17.
=== Run started: Fri Jul 17 18:57:04 EDT 2026 ===
Ingested 19 batter lines across 2 games for 2026-07-17
No new never-before-seen batting lines found for 2026-07-17 (this run).

Posted 0 closest-call tweet(s) for 2026-07-17.
=== Run started: Fri Jul 17 19:00:00 EDT 2026 ===
Ingested 19 batter lines across 2 games for 2026-07-17
No new never-before-seen batting lines found for 2026-07-17 (this run).

Posted 0 closest-call tweet(s) for 2026-07-17.
=== Run started: Fri Jul 17 20:00:00 EDT 2026 ===
Ingested 19 batter lines across 2 games for 2026-07-17
No new never-before-seen batting lines found for 2026-07-17 (this run).

Posted 0 closest-call tweet(s) for 2026-07-17.
=== Run started: Fri Jul 17 21:00:00 EDT 2026 ===
Ingested 19 batter lines across 2 games for 2026-07-17
No new never-before-seen batting lines found for 2026-07-17 (this run).

Posted 0 closest-call tweet(s) for 2026-07-17.
=== Run started: Fri Jul 17 22:00:00 EDT 2026 ===
Ingested 60 batter lines across 4 games for 2026-07-17
No new never-before-seen batting lines found for 2026-07-17 (this run).

Posted 0 closest-call tweet(s) for 2026-07-17.
=== Run started: Fri Jul 17 23:00:00 EDT 2026 ===
Ingested 148 batter lines across 8 games for 2026-07-17
No new never-before-seen batting lines found for 2026-07-17 (this run).
---
NO BATTERGAMI.

Braden Montgomery | CWS @ TOR

5 AB | 2 R | 1 H | 1 3B | 4 RBI | 1 SB

This stat line has been posted 1 time before. The last time this happened was on 1901-07-16 by Jack O'Brien.

Posted 1 closest-call tweet(s) for 2026-07-17.
=== Run started: Sat Jul 18 00:00:01 EDT 2026 ===
Ingested 0 batter lines across 0 games for 2026-07-18
No new never-before-seen batting lines found for 2026-07-18 (this run).
No candidate games available to report a closest call for either.
=== Run started: Sat Jul 18 01:00:00 EDT 2026 ===
Ingested 0 batter lines across 0 games for 2026-07-18
No new never-before-seen batting lines found for 2026-07-18 (this run).
No candidate games available to report a closest call for either.
=== Run started: Sat Jul 18 05:00:01 EDT 2026 ===
Ingested 299 batter lines across 15 games for 2026-07-17
---
🚨 BATTERGAMI 🚨

Andrés Chaparro just posted a line that has NEVER happened in MLB history:

5 AB | 4 R | 4 H | 2 HR | 8 RBI | 1 BB

WSH @ ATH
That's the 71st Battergami of 2026 and 1 of 34,854+ unique lines on record.
---
🚨 BATTERGAMI 🚨

Curtis Mead just posted a line that has NEVER happened in MLB history:

6 AB | 4 R | 4 H | 3 2B | 3 RBI | 1 SO

WSH @ ATH
That's the 72nd Battergami of 2026 and 1 of 34,854+ unique lines on record.
---
🚨 BATTERGAMI 🚨

Dylan Crews just posted a line that has NEVER happened in MLB history:

5 AB | 2 R | 1 H | 1 2B | 1 RBI | 1 BB | 3 SO | 1 SB

WSH @ ATH
That's the 73rd Battergami of 2026 and 1 of 34,854+ unique lines on record.
---
🚨 BATTERGAMI 🚨

James Wood just posted a line that has NEVER happened in MLB history:

5 AB | 2 R | 1 H | 2 RBI | 1 BB | 4 SO

WSH @ ATH
That's the 74th Battergami of 2026 and 1 of 34,854+ unique lines on record.
=== Run started: Sat Jul 18 12:00:00 EDT 2026 ===
Ingested 0 batter lines across 0 games for 2026-07-18
No new never-before-seen batting lines found for 2026-07-18 (this run).
No candidate games available to report a closest call for either.
=== Run started: Sat Jul 18 13:00:00 EDT 2026 ===
Ingested 0 batter lines across 0 games for 2026-07-18
No new never-before-seen batting lines found for 2026-07-18 (this run).
No candidate games available to report a closest call for either.
=== Run started: Sat Jul 18 14:00:00 EDT 2026 ===
Ingested 0 batter lines across 0 games for 2026-07-18
No new never-before-seen batting lines found for 2026-07-18 (this run).
No candidate games available to report a closest call for either.
=== Run started: Sat Jul 18 15:00:00 EDT 2026 ===
Ingested 0 batter lines across 0 games for 2026-07-18
No new never-before-seen batting lines found for 2026-07-18 (this run).
No candidate games available to report a closest call for either.
=== Run started: Sat Jul 18 16:00:00 EDT 2026 ===
Ingested 19 batter lines across 1 games for 2026-07-18
No new never-before-seen batting lines found for 2026-07-18 (this run).
---
NO BATTERGAMI.

Bryan Reynolds | PIT @ CLE

4 AB | 2 R | 2 H | 1 2B | 0 RBI | 2 SO

This stat line has been posted 188 times before. The last time this happened was on 2026-04-25 by Ke'Bryan Hayes.

Posted 1 closest-call tweet(s) for 2026-07-18.
=== Run started: Sat Jul 18 17:00:00 EDT 2026 ===
Ingested 38 batter lines across 2 games for 2026-07-18
No new never-before-seen batting lines found for 2026-07-18 (this run).
---
NO BATTERGAMI.

Michael Busch | MIN @ CHC

4 AB | 2 R | 1 H | 1 HR | 1 RBI | 1 BB | 3 SO

This stat line has been posted 34 times before. The last time this happened was on 2026-06-27 by Corey Seager.

Posted 1 closest-call tweet(s) for 2026-07-18.
=== Run started: Sat Jul 18 18:00:00 EDT 2026 ===
Ingested 78 batter lines across 5 games for 2026-07-18
No new never-before-seen batting lines found for 2026-07-18 (this run).
---
NO BATTERGAMI.

TJ Rumfield | CIN @ COL

5 AB | 1 R | 4 H | 1 HR | 4 RBI | 1 SO

This stat line has been posted 14 times before. The last time this happened was on 2025-08-04 by Pete Alonso.

Posted 1 closest-call tweet(s) for 2026-07-18.
=== Run started: Sat Jul 18 19:00:00 EDT 2026 ===
Ingested 137 batter lines across 8 games for 2026-07-18
No new never-before-seen batting lines found for 2026-07-18 (this run).

Posted 0 closest-call tweet(s) for 2026-07-18.
=== Run started: Sat Jul 18 20:00:00 EDT 2026 ===
Ingested 225 batter lines across 12 games for 2026-07-18
No new never-before-seen batting lines found for 2026-07-18 (this run).
---
NO BATTERGAMI.

Jackson Chourio | MIA @ MIL

3 AB | 2 R | 1 H | 2 RBI | 2 BB | 1 SO | 2 SB

This stat line has been posted 2 times before. The last time this happened was on 1913-04-17 by Danny Moeller.

Posted 1 closest-call tweet(s) for 2026-07-18.
=== Run started: Sat Jul 18 21:00:00 EDT 2026 ===
Ingested 225 batter lines across 12 games for 2026-07-18
No new never-before-seen batting lines found for 2026-07-18 (this run).

Posted 0 closest-call tweet(s) for 2026-07-18.
=== Run started: Sat Jul 18 22:00:01 EDT 2026 ===
Ingested 225 batter lines across 12 games for 2026-07-18
No new never-before-seen batting lines found for 2026-07-18 (this run).

Posted 0 closest-call tweet(s) for 2026-07-18.
=== Run started: Sat Jul 18 23:00:00 EDT 2026 ===
Ingested 225 batter lines across 12 games for 2026-07-18
No new never-before-seen batting lines found for 2026-07-18 (this run).

Posted 0 closest-call tweet(s) for 2026-07-18.
=== Run started: Sun Jul 19 00:00:00 EDT 2026 ===
Ingested 0 batter lines across 0 games for 2026-07-19
No new never-before-seen batting lines found for 2026-07-19 (this run).
No candidate games available to report a closest call for either.
=== Run started: Sun Jul 19 01:00:00 EDT 2026 ===
Ingested 0 batter lines across 0 games for 2026-07-19
No new never-before-seen batting lines found for 2026-07-19 (this run).
No candidate games available to report a closest call for either.
=== Run started: Sun Jul 19 05:00:00 EDT 2026 ===
Ingested 310 batter lines across 16 games for 2026-07-18
No new never-before-seen batting lines found for 2026-07-18 (this run).

Posted 0 closest-call tweet(s) for 2026-07-18.
=== Run started: Sun Jul 19 12:00:00 EDT 2026 ===
Ingested 0 batter lines across 0 games for 2026-07-19
No new never-before-seen batting lines found for 2026-07-19 (this run).
No candidate games available to report a closest call for either.
=== Run started: Sun Jul 19 13:00:00 EDT 2026 ===
Ingested 0 batter lines across 0 games for 2026-07-19
No new never-before-seen batting lines found for 2026-07-19 (this run).
No candidate games available to report a closest call for either.
=== Run started: Sun Jul 19 14:00:00 EDT 2026 ===
Ingested 0 batter lines across 0 games for 2026-07-19
No new never-before-seen batting lines found for 2026-07-19 (this run).
No candidate games available to report a closest call for either.
=== Run started: Sun Jul 19 15:59:11 EDT 2026 ===
Ingested 40 batter lines across 2 games for 2026-07-19
No new never-before-seen batting lines found for 2026-07-19 (this run).
---
NO BATTERGAMI.

Tommy Edman | LAD @ NYY

4 AB | 3 R | 2 H | 2 RBI | 1 SO

This stat line has been posted 6 times before. The last time this happened was on 2019-08-23 by Lewis Brinson.

Posted 1 closest-call tweet(s) for 2026-07-19.
=== Run started: Sun Jul 19 16:00:00 EDT 2026 ===
Ingested 40 batter lines across 2 games for 2026-07-19
No new never-before-seen batting lines found for 2026-07-19 (this run).

Posted 0 closest-call tweet(s) for 2026-07-19.
=== Run started: Sun Jul 19 17:00:00 EDT 2026 ===
Ingested 117 batter lines across 6 games for 2026-07-19
No new never-before-seen batting lines found for 2026-07-19 (this run).
---
NO BATTERGAMI.

Drake Baldwin | TEX @ ATL

5 AB | 3 R | 5 H | 2 HR | 2 RBI | 1 SB

This stat line has been posted 1 time before. The last time this happened was on 1979-09-14 by Mickey Rivers.

Posted 1 closest-call tweet(s) for 2026-07-19.
=== Run started: Sun Jul 19 18:00:01 EDT 2026 ===
Ingested 228 batter lines across 11 games for 2026-07-19
---
🚨 BATTERGAMI 🚨

Jackson Merrill just posted a line that has NEVER happened in MLB history:

6 AB | 2 R | 4 H | 2 HR | 4 RBI | 2 SO | 1 SB

SD @ KC
That's the 75th Battergami of 2026 and 1 of 34,855+ unique lines on record.
=== Run started: Sun Jul 19 19:00:01 EDT 2026 ===
Ingested 294 batter lines across 14 games for 2026-07-19
No new never-before-seen batting lines found for 2026-07-19 (this run).
---
NO BATTERGAMI.

Fernando Tatis Jr. | SD @ KC

5 AB | 3 R | 2 H | 1 HR | 4 RBI | 1 SB

This stat line has been posted 1 time before. The last time this happened was on 1899-10-08 by Sam Mertes.

Posted 1 closest-call tweet(s) for 2026-07-19.
=== Run started: Sun Jul 19 20:00:00 EDT 2026 ===
Ingested 317 batter lines across 15 games for 2026-07-19
No new never-before-seen batting lines found for 2026-07-19 (this run).

Posted 0 closest-call tweet(s) for 2026-07-19.
=== Run started: Sun Jul 19 21:00:00 EDT 2026 ===
Ingested 317 batter lines across 15 games for 2026-07-19
No new never-before-seen batting lines found for 2026-07-19 (this run).

Posted 0 closest-call tweet(s) for 2026-07-19.
=== Run started: Sun Jul 19 22:00:01 EDT 2026 ===
Traceback (most recent call last):
  File "/usr/local/Caskroom/miniconda/base/envs/baseball311/lib/python3.11/site-packages/urllib3/connection.py", line 204, in _new_conn
    sock = connection.create_connection(
           ^^^^^^^^^^^^^^^^^^^^^^^^^^^^^
  File "/usr/local/Caskroom/miniconda/base/envs/baseball311/lib/python3.11/site-packages/urllib3/util/connection.py", line 60, in create_connection
    for res in socket.getaddrinfo(host, port, family, socket.SOCK_STREAM):
               ^^^^^^^^^^^^^^^^^^^^^^^^^^^^^^^^^^^^^^^^^^^^^^^^^^^^^^^^^^
  File "/usr/local/Caskroom/miniconda/base/envs/baseball311/lib/python3.11/socket.py", line 974, in getaddrinfo
    for res in _socket.getaddrinfo(host, port, family, type, proto, flags):
               ^^^^^^^^^^^^^^^^^^^^^^^^^^^^^^^^^^^^^^^^^^^^^^^^^^^^^^^^^^^
socket.gaierror: [Errno 8] nodename nor servname provided, or not known

The above exception was the direct cause of the following exception:

Traceback (most recent call last):
  File "/usr/local/Caskroom/miniconda/base/envs/baseball311/lib/python3.11/site-packages/urllib3/connectionpool.py", line 788, in urlopen
    response = self._make_request(
               ^^^^^^^^^^^^^^^^^^^
  File "/usr/local/Caskroom/miniconda/base/envs/baseball311/lib/python3.11/site-packages/urllib3/connectionpool.py", line 488, in _make_request
    raise new_e
  File "/usr/local/Caskroom/miniconda/base/envs/baseball311/lib/python3.11/site-packages/urllib3/connectionpool.py", line 464, in _make_request
    self._validate_conn(conn)
  File "/usr/local/Caskroom/miniconda/base/envs/baseball311/lib/python3.11/site-packages/urllib3/connectionpool.py", line 1106, in _validate_conn
    conn.connect()
  File "/usr/local/Caskroom/miniconda/base/envs/baseball311/lib/python3.11/site-packages/urllib3/connection.py", line 759, in connect
    self.sock = sock = self._new_conn()
                       ^^^^^^^^^^^^^^^^
  File "/usr/local/Caskroom/miniconda/base/envs/baseball311/lib/python3.11/site-packages/urllib3/connection.py", line 211, in _new_conn
    raise NameResolutionError(self.host, self, e) from e
urllib3.exceptions.NameResolutionError: HTTPSConnection(host='statsapi.mlb.com', port=443): Failed to resolve 'statsapi.mlb.com' ([Errno 8] nodename nor servname provided, or not known)

The above exception was the direct cause of the following exception:

Traceback (most recent call last):
  File "/usr/local/Caskroom/miniconda/base/envs/baseball311/lib/python3.11/site-packages/requests/adapters.py", line 696, in send
    resp = conn.urlopen(
           ^^^^^^^^^^^^^
  File "/usr/local/Caskroom/miniconda/base/envs/baseball311/lib/python3.11/site-packages/urllib3/connectionpool.py", line 842, in urlopen
    retries = retries.increment(
              ^^^^^^^^^^^^^^^^^^
  File "/usr/local/Caskroom/miniconda/base/envs/baseball311/lib/python3.11/site-packages/urllib3/util/retry.py", line 543, in increment
    raise MaxRetryError(_pool, url, reason) from reason  # type: ignore[arg-type]
    ^^^^^^^^^^^^^^^^^^^^^^^^^^^^^^^^^^^^^^^^^^^^^^^^^^^
urllib3.exceptions.MaxRetryError: HTTPSConnectionPool(host='statsapi.mlb.com', port=443): Max retries exceeded with url: /api/v1/schedule?sportId=1&date=2026-07-19 (Caused by NameResolutionError("HTTPSConnection(host='statsapi.mlb.com', port=443): Failed to resolve 'statsapi.mlb.com' ([Errno 8] nodename nor servname provided, or not known)"))

During handling of the above exception, another exception occurred:

Traceback (most recent call last):
  File "/Users/jonathancarter/battergami/pipeline.py", line 513, in <module>
    run_day(
  File "/Users/jonathancarter/battergami/pipeline.py", line 422, in run_day
    new_game_ids = ingest_day(target_date)
                   ^^^^^^^^^^^^^^^^^^^^^^^
  File "/Users/jonathancarter/battergami/pipeline.py", line 186, in ingest_day
    games = fetch_game_pks(target_date)
            ^^^^^^^^^^^^^^^^^^^^^^^^^^^
  File "/Users/jonathancarter/battergami/pipeline.py", line 81, in fetch_game_pks
    resp = requests.get(
           ^^^^^^^^^^^^^
  File "/usr/local/Caskroom/miniconda/base/envs/baseball311/lib/python3.11/site-packages/requests/api.py", line 87, in get
    return request("get", url, params=params, **kwargs)
           ^^^^^^^^^^^^^^^^^^^^^^^^^^^^^^^^^^^^^^^^^^^^
  File "/usr/local/Caskroom/miniconda/base/envs/baseball311/lib/python3.11/site-packages/requests/api.py", line 71, in request
    return session.request(method=method, url=url, **kwargs)
           ^^^^^^^^^^^^^^^^^^^^^^^^^^^^^^^^^^^^^^^^^^^^^^^^^
  File "/usr/local/Caskroom/miniconda/base/envs/baseball311/lib/python3.11/site-packages/requests/sessions.py", line 651, in request
    resp = self.send(prep, **send_kwargs)
           ^^^^^^^^^^^^^^^^^^^^^^^^^^^^^^
  File "/usr/local/Caskroom/miniconda/base/envs/baseball311/lib/python3.11/site-packages/requests/sessions.py", line 784, in send
    r = adapter.send(request, **kwargs)
        ^^^^^^^^^^^^^^^^^^^^^^^^^^^^^^^
  File "/usr/local/Caskroom/miniconda/base/envs/baseball311/lib/python3.11/site-packages/requests/adapters.py", line 729, in send
    raise ConnectionError(e, request=request)
requests.exceptions.ConnectionError: HTTPSConnectionPool(host='statsapi.mlb.com', port=443): Max retries exceeded with url: /api/v1/schedule?sportId=1&date=2026-07-19 (Caused by NameResolutionError("HTTPSConnection(host='statsapi.mlb.com', port=443): Failed to resolve 'statsapi.mlb.com' ([Errno 8] nodename nor servname provided, or not known)"))
=== Run started: Sun Jul 19 23:00:01 EDT 2026 ===
Traceback (most recent call last):
  File "/usr/local/Caskroom/miniconda/base/envs/baseball311/lib/python3.11/site-packages/urllib3/connectionpool.py", line 788, in urlopen
    response = self._make_request(
               ^^^^^^^^^^^^^^^^^^^
  File "/usr/local/Caskroom/miniconda/base/envs/baseball311/lib/python3.11/site-packages/urllib3/connectionpool.py", line 488, in _make_request
    raise new_e
  File "/usr/local/Caskroom/miniconda/base/envs/baseball311/lib/python3.11/site-packages/urllib3/connectionpool.py", line 464, in _make_request
    self._validate_conn(conn)
  File "/usr/local/Caskroom/miniconda/base/envs/baseball311/lib/python3.11/site-packages/urllib3/connectionpool.py", line 1106, in _validate_conn
    conn.connect()
  File "/usr/local/Caskroom/miniconda/base/envs/baseball311/lib/python3.11/site-packages/urllib3/connection.py", line 796, in connect
    sock_and_verified = _ssl_wrap_socket_and_match_hostname(
                        ^^^^^^^^^^^^^^^^^^^^^^^^^^^^^^^^^^^^
  File "/usr/local/Caskroom/miniconda/base/envs/baseball311/lib/python3.11/site-packages/urllib3/connection.py", line 975, in _ssl_wrap_socket_and_match_hostname
    ssl_sock = ssl_wrap_socket(
               ^^^^^^^^^^^^^^^^
  File "/usr/local/Caskroom/miniconda/base/envs/baseball311/lib/python3.11/site-packages/urllib3/util/ssl_.py", line 433, in ssl_wrap_socket
    ssl_sock = _ssl_wrap_socket_impl(sock, context, tls_in_tls, server_hostname)
               ^^^^^^^^^^^^^^^^^^^^^^^^^^^^^^^^^^^^^^^^^^^^^^^^^^^^^^^^^^^^^^^^^
  File "/usr/local/Caskroom/miniconda/base/envs/baseball311/lib/python3.11/site-packages/urllib3/util/ssl_.py", line 477, in _ssl_wrap_socket_impl
    return ssl_context.wrap_socket(sock, server_hostname=server_hostname)
           ^^^^^^^^^^^^^^^^^^^^^^^^^^^^^^^^^^^^^^^^^^^^^^^^^^^^^^^^^^^^^^
  File "/usr/local/Caskroom/miniconda/base/envs/baseball311/lib/python3.11/ssl.py", line 517, in wrap_socket
    return self.sslsocket_class._create(
           ^^^^^^^^^^^^^^^^^^^^^^^^^^^^^
  File "/usr/local/Caskroom/miniconda/base/envs/baseball311/lib/python3.11/ssl.py", line 1104, in _create
    self.do_handshake()
  File "/usr/local/Caskroom/miniconda/base/envs/baseball311/lib/python3.11/ssl.py", line 1382, in do_handshake
    self._sslobj.do_handshake()
ConnectionResetError: [Errno 54] Connection reset by peer

During handling of the above exception, another exception occurred:

Traceback (most recent call last):
  File "/usr/local/Caskroom/miniconda/base/envs/baseball311/lib/python3.11/site-packages/requests/adapters.py", line 696, in send
    resp = conn.urlopen(
           ^^^^^^^^^^^^^
  File "/usr/local/Caskroom/miniconda/base/envs/baseball311/lib/python3.11/site-packages/urllib3/connectionpool.py", line 842, in urlopen
    retries = retries.increment(
              ^^^^^^^^^^^^^^^^^^
  File "/usr/local/Caskroom/miniconda/base/envs/baseball311/lib/python3.11/site-packages/urllib3/util/retry.py", line 498, in increment
    raise reraise(type(error), error, _stacktrace)
          ^^^^^^^^^^^^^^^^^^^^^^^^^^^^^^^^^^^^^^^^
  File "/usr/local/Caskroom/miniconda/base/envs/baseball311/lib/python3.11/site-packages/urllib3/util/util.py", line 38, in reraise
    raise value.with_traceback(tb)
  File "/usr/local/Caskroom/miniconda/base/envs/baseball311/lib/python3.11/site-packages/urllib3/connectionpool.py", line 788, in urlopen
    response = self._make_request(
               ^^^^^^^^^^^^^^^^^^^
  File "/usr/local/Caskroom/miniconda/base/envs/baseball311/lib/python3.11/site-packages/urllib3/connectionpool.py", line 488, in _make_request
    raise new_e
  File "/usr/local/Caskroom/miniconda/base/envs/baseball311/lib/python3.11/site-packages/urllib3/connectionpool.py", line 464, in _make_request
    self._validate_conn(conn)
  File "/usr/local/Caskroom/miniconda/base/envs/baseball311/lib/python3.11/site-packages/urllib3/connectionpool.py", line 1106, in _validate_conn
    conn.connect()
  File "/usr/local/Caskroom/miniconda/base/envs/baseball311/lib/python3.11/site-packages/urllib3/connection.py", line 796, in connect
    sock_and_verified = _ssl_wrap_socket_and_match_hostname(
                        ^^^^^^^^^^^^^^^^^^^^^^^^^^^^^^^^^^^^
  File "/usr/local/Caskroom/miniconda/base/envs/baseball311/lib/python3.11/site-packages/urllib3/connection.py", line 975, in _ssl_wrap_socket_and_match_hostname
    ssl_sock = ssl_wrap_socket(
               ^^^^^^^^^^^^^^^^
  File "/usr/local/Caskroom/miniconda/base/envs/baseball311/lib/python3.11/site-packages/urllib3/util/ssl_.py", line 433, in ssl_wrap_socket
    ssl_sock = _ssl_wrap_socket_impl(sock, context, tls_in_tls, server_hostname)
               ^^^^^^^^^^^^^^^^^^^^^^^^^^^^^^^^^^^^^^^^^^^^^^^^^^^^^^^^^^^^^^^^^
  File "/usr/local/Caskroom/miniconda/base/envs/baseball311/lib/python3.11/site-packages/urllib3/util/ssl_.py", line 477, in _ssl_wrap_socket_impl
    return ssl_context.wrap_socket(sock, server_hostname=server_hostname)
           ^^^^^^^^^^^^^^^^^^^^^^^^^^^^^^^^^^^^^^^^^^^^^^^^^^^^^^^^^^^^^^
  File "/usr/local/Caskroom/miniconda/base/envs/baseball311/lib/python3.11/ssl.py", line 517, in wrap_socket
    return self.sslsocket_class._create(
           ^^^^^^^^^^^^^^^^^^^^^^^^^^^^^
  File "/usr/local/Caskroom/miniconda/base/envs/baseball311/lib/python3.11/ssl.py", line 1104, in _create
    self.do_handshake()
  File "/usr/local/Caskroom/miniconda/base/envs/baseball311/lib/python3.11/ssl.py", line 1382, in do_handshake
    self._sslobj.do_handshake()
urllib3.exceptions.ProtocolError: ('Connection aborted.', ConnectionResetError(54, 'Connection reset by peer'))

During handling of the above exception, another exception occurred:

Traceback (most recent call last):
  File "/Users/jonathancarter/battergami/pipeline.py", line 513, in <module>
    run_day(
  File "/Users/jonathancarter/battergami/pipeline.py", line 422, in run_day
    new_game_ids = ingest_day(target_date)
                   ^^^^^^^^^^^^^^^^^^^^^^^
  File "/Users/jonathancarter/battergami/pipeline.py", line 189, in ingest_day
    total += fetch_and_store_boxscore(conn, pk, target_date, game_type)
             ^^^^^^^^^^^^^^^^^^^^^^^^^^^^^^^^^^^^^^^^^^^^^^^^^^^^^^^^^^
  File "/Users/jonathancarter/battergami/pipeline.py", line 97, in fetch_and_store_boxscore
    resp = requests.get(f"{MLB_API}/game/{game_pk}/boxscore", timeout=30)
           ^^^^^^^^^^^^^^^^^^^^^^^^^^^^^^^^^^^^^^^^^^^^^^^^^^^^^^^^^^^^^^
  File "/usr/local/Caskroom/miniconda/base/envs/baseball311/lib/python3.11/site-packages/requests/api.py", line 87, in get
    return request("get", url, params=params, **kwargs)
           ^^^^^^^^^^^^^^^^^^^^^^^^^^^^^^^^^^^^^^^^^^^^
  File "/usr/local/Caskroom/miniconda/base/envs/baseball311/lib/python3.11/site-packages/requests/api.py", line 71, in request
    return session.request(method=method, url=url, **kwargs)
           ^^^^^^^^^^^^^^^^^^^^^^^^^^^^^^^^^^^^^^^^^^^^^^^^^
  File "/usr/local/Caskroom/miniconda/base/envs/baseball311/lib/python3.11/site-packages/requests/sessions.py", line 651, in request
    resp = self.send(prep, **send_kwargs)
           ^^^^^^^^^^^^^^^^^^^^^^^^^^^^^^
  File "/usr/local/Caskroom/miniconda/base/envs/baseball311/lib/python3.11/site-packages/requests/sessions.py", line 784, in send
    r = adapter.send(request, **kwargs)
        ^^^^^^^^^^^^^^^^^^^^^^^^^^^^^^^
  File "/usr/local/Caskroom/miniconda/base/envs/baseball311/lib/python3.11/site-packages/requests/adapters.py", line 711, in send
    raise ConnectionError(err, request=request)
requests.exceptions.ConnectionError: ('Connection aborted.', ConnectionResetError(54, 'Connection reset by peer'))
=== Run started: Sun Jul 19 23:15:36 EDT 2026 ===
Ingested 339 batter lines across 16 games for 2026-07-19
No new never-before-seen batting lines found for 2026-07-19 (this run).

Posted 0 closest-call tweet(s) for 2026-07-19.
=== Run started: Mon Jul 20 00:00:00 EDT 2026 ===
Ingested 0 batter lines across 0 games for 2026-07-20
No new never-before-seen batting lines found for 2026-07-20 (this run).
No candidate games available to report a closest call for either.
=== Run started: Mon Jul 20 01:00:00 EDT 2026 ===
Ingested 0 batter lines across 0 games for 2026-07-20
No new never-before-seen batting lines found for 2026-07-20 (this run).
No candidate games available to report a closest call for either.
=== Run started: Mon Jul 20 05:00:00 EDT 2026 ===
Ingested 339 batter lines across 16 games for 2026-07-19
No new never-before-seen batting lines found for 2026-07-19 (this run).

Posted 0 closest-call tweet(s) for 2026-07-19.
=== Run started: Mon Jul 20 12:00:00 EDT 2026 ===
Ingested 0 batter lines across 0 games for 2026-07-20
No new never-before-seen batting lines found for 2026-07-20 (this run).
No candidate games available to report a closest call for either.
=== Run started: Mon Jul 20 16:46:03 EDT 2026 ===
Ingested 0 batter lines across 0 games for 2026-07-20
No new never-before-seen batting lines found for 2026-07-20 (this run).
No candidate games available to report a closest call for either.
=== Run started: Mon Jul 20 17:00:00 EDT 2026 ===
Ingested 0 batter lines across 0 games for 2026-07-20
No new never-before-seen batting lines found for 2026-07-20 (this run).
No candidate games available to report a closest call for either.
=== Run started: Mon Jul 20 18:00:01 EDT 2026 ===
Ingested 0 batter lines across 0 games for 2026-07-20
No new never-before-seen batting lines found for 2026-07-20 (this run).
No candidate games available to report a closest call for either.
=== Run started: Mon Jul 20 19:00:00 EDT 2026 ===
Ingested 0 batter lines across 0 games for 2026-07-20
No new never-before-seen batting lines found for 2026-07-20 (this run).
No candidate games available to report a closest call for either.
=== Run started: Mon Jul 20 20:00:00 EDT 2026 ===
Ingested 0 batter lines across 0 games for 2026-07-20
No new never-before-seen batting lines found for 2026-07-20 (this run).
No candidate games available to report a closest call for either.
=== Run started: Mon Jul 20 21:00:00 EDT 2026 ===
Ingested 0 batter lines across 0 games for 2026-07-20
No new never-before-seen batting lines found for 2026-07-20 (this run).
No candidate games available to report a closest call for either.
=== Run started: Mon Jul 20 22:00:00 EDT 2026 ===
Ingested 104 batter lines across 5 games for 2026-07-20
No new never-before-seen batting lines found for 2026-07-20 (this run).
---
NO BATTERGAMI.

Gunnar Henderson | BAL @ BOS

5 AB | 1 R | 3 H | 3 2B | 0 RBI | 1 SO

This stat line has been posted 7 times before. The last time this happened was on 2020-08-23 by Dansby Swanson.

Posted 1 closest-call tweet(s) for 2026-07-20.
=== Run started: Mon Jul 20 23:00:01 EDT 2026 ===
Ingested 165 batter lines across 8 games for 2026-07-20
No new never-before-seen batting lines found for 2026-07-20 (this run).
---
NO BATTERGAMI.

Trea Turner | LAD @ PHI

5 AB | 2 R | 3 H | 1 2B | 2 HR | 5 RBI | 2 SO

This stat line has been posted 3 times before. The last time this happened was on 2020-09-23 by Salvador Perez.

Posted 1 closest-call tweet(s) for 2026-07-20.
=== Run started: Tue Jul 21 00:00:01 EDT 2026 ===
Ingested 0 batter lines across 0 games for 2026-07-21
No new never-before-seen batting lines found for 2026-07-21 (this run).
No candidate games available to report a closest call for either.
=== Run started: Tue Jul 21 01:00:00 EDT 2026 ===
Ingested 0 batter lines across 0 games for 2026-07-21
No new never-before-seen batting lines found for 2026-07-21 (this run).
No candidate games available to report a closest call for either.
=== Run started: Tue Jul 21 05:00:00 EDT 2026 ===
Ingested 324 batter lines across 15 games for 2026-07-20
No new never-before-seen batting lines found for 2026-07-20 (this run).

Posted 0 closest-call tweet(s) for 2026-07-20.
=== Run started: Tue Jul 21 12:00:00 EDT 2026 ===
Ingested 0 batter lines across 0 games for 2026-07-21
No new never-before-seen batting lines found for 2026-07-21 (this run).
No candidate games available to report a closest call for either.
=== Run started: Tue Jul 21 13:00:00 EDT 2026 ===
Ingested 0 batter lines across 0 games for 2026-07-21
No new never-before-seen batting lines found for 2026-07-21 (this run).
No candidate games available to report a closest call for either.
=== Run started: Tue Jul 21 14:00:00 EDT 2026 ===
Ingested 0 batter lines across 0 games for 2026-07-21
No new never-before-seen batting lines found for 2026-07-21 (this run).
No candidate games available to report a closest call for either.
=== Run started: Tue Jul 21 15:00:00 EDT 2026 ===
Ingested 0 batter lines across 1 games for 2026-07-21
No new never-before-seen batting lines found for 2026-07-21 (this run).
No candidate games available to report a closest call for either.
=== Run started: Tue Jul 21 16:00:00 EDT 2026 ===
Ingested 0 batter lines across 1 games for 2026-07-21
No new never-before-seen batting lines found for 2026-07-21 (this run).
No candidate games available to report a closest call for either.
=== Run started: Tue Jul 21 17:00:00 EDT 2026 ===
Ingested 0 batter lines across 1 games for 2026-07-21
No new never-before-seen batting lines found for 2026-07-21 (this run).
No candidate games available to report a closest call for either.
=== Run started: Tue Jul 21 18:00:00 EDT 2026 ===
Ingested 0 batter lines across 2 games for 2026-07-21
No new never-before-seen batting lines found for 2026-07-21 (this run).
No candidate games available to report a closest call for either.
=== Run started: Tue Jul 21 19:00:00 EDT 2026 ===
Ingested 0 batter lines across 2 games for 2026-07-21
No new never-before-seen batting lines found for 2026-07-21 (this run).
No candidate games available to report a closest call for either.
=== Run started: Tue Jul 21 20:00:00 EDT 2026 ===
Ingested 0 batter lines across 2 games for 2026-07-21
No new never-before-seen batting lines found for 2026-07-21 (this run).
No candidate games available to report a closest call for either.
=== Run started: Tue Jul 21 21:00:01 EDT 2026 ===
Ingested 0 batter lines across 2 games for 2026-07-21
No new never-before-seen batting lines found for 2026-07-21 (this run).
No candidate games available to report a closest call for either.
=== Run started: Tue Jul 21 22:34:05 EDT 2026 ===
Ingested 120 batter lines across 8 games for 2026-07-21
No new never-before-seen batting lines found for 2026-07-21 (this run).
---
NO BATTERGAMI.

Jonny DeLuca | TB @ TOR

6 AB | 1 R | 2 H | 3 RBI | 1 SO | 1 SB

This stat line has been posted 1 time before. The last time this happened was on 1944-09-23 by Eddie Miksis.

Posted 1 closest-call tweet(s) for 2026-07-21.
=== Run started: Tue Jul 21 23:00:00 EDT 2026 ===
Ingested 188 batter lines across 11 games for 2026-07-21
---
🚨 BATTERGAMI 🚨

Pete Crow-Armstrong just posted a line that has NEVER happened in MLB history:

2 AB | 1 R | 2 H | 1 3B | 2 RBI | 3 BB

DET @ CHC
That's the 76th Battergami of 2026 and 1 of 34,857+ unique lines on record.
---
🚨 BATTERGAMI 🚨

Seiya Suzuki just posted a line that has NEVER happened in MLB history:

3 AB | 1 R | 0 H | 2 RBI | 3 BB | 1 SO

DET @ CHC
That's the 77th Battergami of 2026 and 1 of 34,857+ unique lines on record.
=== Run started: Wed Jul 22 00:00:01 EDT 2026 ===
Ingested 0 batter lines across 0 games for 2026-07-22
No new never-before-seen batting lines found for 2026-07-22 (this run).
No candidate games available to report a closest call for either.
=== Run started: Wed Jul 22 01:00:00 EDT 2026 ===
Ingested 0 batter lines across 0 games for 2026-07-22
No new never-before-seen batting lines found for 2026-07-22 (this run).
No candidate games available to report a closest call for either.
=== Run started: Wed Jul 22 05:00:00 EDT 2026 ===
Ingested 270 batter lines across 15 games for 2026-07-21
No new never-before-seen batting lines found for 2026-07-21 (this run).

Posted 0 closest-call tweet(s) for 2026-07-21.
=== Run started: Wed Jul 22 12:00:00 EDT 2026 ===
Ingested 0 batter lines across 0 games for 2026-07-22
No new never-before-seen batting lines found for 2026-07-22 (this run).
No candidate games available to report a closest call for either.
=== Run started: Wed Jul 22 15:07:32 EDT 2026 ===
Ingested 22 batter lines across 1 games for 2026-07-22
No new never-before-seen batting lines found for 2026-07-22 (this run).
---
NO BATTERGAMI.

Jarren Duran | BAL @ BOS

3 AB | 1 H | 1 3B | 3 RBI | 1 SO

This stat line has been posted 19 times before. The last time this happened was on 2021-09-21 by Yu Chang.

Posted 1 closest-call tweet(s) for 2026-07-22.
=== Run started: Wed Jul 22 17:00:52 EDT 2026 ===
Ingested 68 batter lines across 3 games for 2026-07-22
No new never-before-seen batting lines found for 2026-07-22 (this run).
---
NO BATTERGAMI.

Lane Thomas | SF @ KC

4 AB | 1 H | 2 RBI | 3 SO | 1 SB

This stat line has been posted 11 times before. The last time this happened was on 2026-06-30 by Weston Wilson.

Posted 1 closest-call tweet(s) for 2026-07-22.
=== Run started: Wed Jul 22 18:00:00 EDT 2026 ===
Ingested 90 batter lines across 4 games for 2026-07-22
No new never-before-seen batting lines found for 2026-07-22 (this run).
---
NO BATTERGAMI.

Joey Ortiz | NYM @ MIL

3 AB | 2 R | 3 H | 1 2B | 1 3B | 2 RBI | 1 BB | 1 SB

This stat line has been posted 2 times before. The last time this happened was on 2002-05-18 by Ramon Santiago.

Posted 1 closest-call tweet(s) for 2026-07-22.
=== Run started: Wed Jul 22 19:00:01 EDT 2026 ===
Ingested 171 batter lines across 8 games for 2026-07-22
No new never-before-seen batting lines found for 2026-07-22 (this run).

Posted 0 closest-call tweet(s) for 2026-07-22.
=== Run started: Wed Jul 22 20:00:00 EDT 2026 ===
Ingested 171 batter lines across 8 games for 2026-07-22
No new never-before-seen batting lines found for 2026-07-22 (this run).

Posted 0 closest-call tweet(s) for 2026-07-22.
=== Run started: Wed Jul 22 21:00:00 EDT 2026 ===
Ingested 171 batter lines across 8 games for 2026-07-22
No new never-before-seen batting lines found for 2026-07-22 (this run).

Posted 0 closest-call tweet(s) for 2026-07-22.
=== Run started: Wed Jul 22 22:00:00 EDT 2026 ===
Ingested 276 batter lines across 13 games for 2026-07-22
No new never-before-seen batting lines found for 2026-07-22 (this run).

Posted 0 closest-call tweet(s) for 2026-07-22.
=== Run started: Wed Jul 22 22:11:11 EDT 2026 ===
Ingested 298 batter lines across 14 games for 2026-07-22
No new never-before-seen batting lines found for 2026-07-22 (this run).

Posted 0 closest-call tweet(s) for 2026-07-22.
=== Run started: Wed Jul 22 22:44:10 EDT 2026 ===
Ingested 337 batter lines across 16 games for 2026-07-22
No new never-before-seen batting lines found for 2026-07-22 (this run).

Posted 0 closest-call tweet(s) for 2026-07-22.
=== Run started: Wed Jul 22 23:00:00 EDT 2026 ===
Ingested 357 batter lines across 17 games for 2026-07-22
No new never-before-seen batting lines found for 2026-07-22 (this run).

Posted 0 closest-call tweet(s) for 2026-07-22.
=== Run started: Wed Jul 22 23:35:14 EDT 2026 ===
Ingested 357 batter lines across 17 games for 2026-07-22
No new never-before-seen batting lines found for 2026-07-22 (this run).

Posted 0 closest-call tweet(s) for 2026-07-22.
=== Run started: Thu Jul 23 00:00:00 EDT 2026 ===
Ingested 0 batter lines across 0 games for 2026-07-23
No new never-before-seen batting lines found for 2026-07-23 (this run).
No candidate games available to report a closest call for either.
=== Run started: Thu Jul 23 01:00:00 EDT 2026 ===
Ingested 0 batter lines across 0 games for 2026-07-23
No new never-before-seen batting lines found for 2026-07-23 (this run).
No candidate games available to report a closest call for either.
=== Run started: Thu Jul 23 05:00:01 EDT 2026 ===
Ingested 357 batter lines across 17 games for 2026-07-22
No new never-before-seen batting lines found for 2026-07-22 (this run).

Posted 0 closest-call tweet(s) for 2026-07-22.
=== Run started: Thu Jul 23 09:54:05 EDT 2026 ===
Ingested 0 batter lines across 0 games for 2026-07-23
No new never-before-seen batting lines found for 2026-07-23 (this run).
No candidate games available to report a closest call for either.
=== Run started: Thu Jul 23 14:51:02 EDT 2026 ===
Ingested 21 batter lines across 1 games for 2026-07-23
No new never-before-seen batting lines found for 2026-07-23 (this run).
---
NO BATTERGAMI.

Luis Rengifo | SD @ ATL

5 AB | 2 H | 2 RBI | 3 SO

This stat line has been posted 36 times before. The last time this happened was on 2026-05-04 by Freddie Freeman.

Posted 1 closest-call tweet(s) for 2026-07-23.
=== Run started: Thu Jul 23 15:00:01 EDT 2026 ===
Ingested 21 batter lines across 1 games for 2026-07-23
No new never-before-seen batting lines found for 2026-07-23 (this run).

Posted 0 closest-call tweet(s) for 2026-07-23.
=== Run started: Thu Jul 23 16:00:00 EDT 2026 ===
Ingested 21 batter lines across 1 games for 2026-07-23
No new never-before-seen batting lines found for 2026-07-23 (this run).

Posted 0 closest-call tweet(s) for 2026-07-23.
=== Run started: Thu Jul 23 17:00:00 EDT 2026 ===
Ingested 43 batter lines across 2 games for 2026-07-23
No new never-before-seen batting lines found for 2026-07-23 (this run).

Posted 0 closest-call tweet(s) for 2026-07-23.
=== Run started: Thu Jul 23 18:00:00 EDT 2026 ===
Ingested 64 batter lines across 3 games for 2026-07-23
No new never-before-seen batting lines found for 2026-07-23 (this run).

Posted 0 closest-call tweet(s) for 2026-07-23.
=== Run started: Thu Jul 23 19:00:00 EDT 2026 ===
Ingested 64 batter lines across 3 games for 2026-07-23
No new never-before-seen batting lines found for 2026-07-23 (this run).

Posted 0 closest-call tweet(s) for 2026-07-23.
=== Run started: Thu Jul 23 20:00:01 EDT 2026 ===
Ingested 64 batter lines across 3 games for 2026-07-23
No new never-before-seen batting lines found for 2026-07-23 (this run).

Posted 0 closest-call tweet(s) for 2026-07-23.
=== Run started: Thu Jul 23 21:00:00 EDT 2026 ===
Ingested 86 batter lines across 4 games for 2026-07-23
No new never-before-seen batting lines found for 2026-07-23 (this run).
---
NO BATTERGAMI.

Adrian Del Castillo | AZ @ STL

5 AB | 3 R | 3 H | 1 2B | 1 RBI | 1 SO | 1 SB

This stat line has been posted 12 times before. The last time this happened was on 2025-04-19 by Johan Rojas.

Posted 1 closest-call tweet(s) for 2026-07-23.
=== Run started: Thu Jul 23 22:00:01 EDT 2026 ===
Ingested 107 batter lines across 5 games for 2026-07-23
No new never-before-seen batting lines found for 2026-07-23 (this run).

Posted 0 closest-call tweet(s) for 2026-07-23.
=== Run started: Thu Jul 23 23:00:00 EDT 2026 ===
Ingested 107 batter lines across 5 games for 2026-07-23
No new never-before-seen batting lines found for 2026-07-23 (this run).

Posted 0 closest-call tweet(s) for 2026-07-23.
=== Run started: Fri Jul 24 00:00:00 EDT 2026 ===
Ingested 0 batter lines across 0 games for 2026-07-24
No new never-before-seen batting lines found for 2026-07-24 (this run).
No candidate games available to report a closest call for either.
=== Run started: Fri Jul 24 01:00:00 EDT 2026 ===
Ingested 0 batter lines across 0 games for 2026-07-24
No new never-before-seen batting lines found for 2026-07-24 (this run).
No candidate games available to report a closest call for either.
=== Run started: Fri Jul 24 05:00:00 EDT 2026 ===
Ingested 107 batter lines across 5 games for 2026-07-23
No new never-before-seen batting lines found for 2026-07-23 (this run).

Posted 0 closest-call tweet(s) for 2026-07-23.
=== Run started: Fri Jul 24 12:00:01 EDT 2026 ===
Ingested 0 batter lines across 0 games for 2026-07-24
No new never-before-seen batting lines found for 2026-07-24 (this run).
No candidate games available to report a closest call for either.
=== Run started: Fri Jul 24 13:00:00 EDT 2026 ===
Ingested 0 batter lines across 0 games for 2026-07-24
No new never-before-seen batting lines found for 2026-07-24 (this run).
No candidate games available to report a closest call for either.
=== Run started: Fri Jul 24 14:00:01 EDT 2026 ===
Ingested 0 batter lines across 0 games for 2026-07-24
No new never-before-seen batting lines found for 2026-07-24 (this run).
No candidate games available to report a closest call for either.
=== Run started: Fri Jul 24 15:00:01 EDT 2026 ===
Ingested 0 batter lines across 0 games for 2026-07-24
No new never-before-seen batting lines found for 2026-07-24 (this run).
No candidate games available to report a closest call for either.
=== Run started: Fri Jul 24 16:00:00 EDT 2026 ===
Ingested 0 batter lines across 0 games for 2026-07-24
No new never-before-seen batting lines found for 2026-07-24 (this run).
No candidate games available to report a closest call for either.
=== Run started: Fri Jul 24 17:00:00 EDT 2026 ===
Ingested 0 batter lines across 0 games for 2026-07-24
No new never-before-seen batting lines found for 2026-07-24 (this run).
No candidate games available to report a closest call for either.
=== Run started: Fri Jul 24 18:00:00 EDT 2026 ===
Ingested 0 batter lines across 0 games for 2026-07-24
No new never-before-seen batting lines found for 2026-07-24 (this run).
No candidate games available to report a closest call for either.
=== Run started: Fri Jul 24 19:00:00 EDT 2026 ===
Ingested 0 batter lines across 0 games for 2026-07-24
No new never-before-seen batting lines found for 2026-07-24 (this run).
No candidate games available to report a closest call for either.
=== Run started: Fri Jul 24 19:36:26 EDT 2026 ===
Ingested 21 batter lines across 1 games for 2026-07-24
No new never-before-seen batting lines found for 2026-07-24 (this run).
---
NO BATTERGAMI.

Mickey Moniak | COL @ MIL

2 AB | 1 R | 0 H | 1 RBI | 1 BB | 2 SO

This stat line has been posted 91 times before. The last time this happened was on 2024-08-14 by Leo Jimenez.

Posted 1 closest-call tweet(s) for 2026-07-24.
=== Run started: Fri Jul 24 20:00:00 EDT 2026 ===
Ingested 21 batter lines across 1 games for 2026-07-24
No new never-before-seen batting lines found for 2026-07-24 (this run).

Posted 0 closest-call tweet(s) for 2026-07-24.
=== Run started: Fri Jul 24 21:00:00 EDT 2026 ===
Ingested 40 batter lines across 2 games for 2026-07-24
No new never-before-seen batting lines found for 2026-07-24 (this run).

Posted 0 closest-call tweet(s) for 2026-07-24.
=== Run started: Fri Jul 24 22:00:00 EDT 2026 ===
Ingested 143 batter lines across 7 games for 2026-07-24
No new never-before-seen batting lines found for 2026-07-24 (this run).
---
NO BATTERGAMI.

Jonny DeLuca | CLE @ TB

4 AB | 3 R | 2 H | 1 RBI | 1 BB | 2 SO

This stat line has been posted 7 times before. The last time this happened was on 2025-07-04 by Lawrence Butler.

Posted 1 closest-call tweet(s) for 2026-07-24.
=== Run started: Fri Jul 24 23:00:00 EDT 2026 ===
Ingested 279 batter lines across 13 games for 2026-07-24
No new never-before-seen batting lines found for 2026-07-24 (this run).
---
NO BATTERGAMI.

Colton Cowser | ATL @ BAL

1 AB | 0 H | 0 RBI | 3 BB | 1 SO | 2 SB

This stat line has been posted 5 times before. The last time this happened was on 2024-08-29 by Bryson Stott.

Posted 1 closest-call tweet(s) for 2026-07-24.
=== Run started: Sat Jul 25 00:00:01 EDT 2026 ===
Ingested 0 batter lines across 0 games for 2026-07-25
No new never-before-seen batting lines found for 2026-07-25 (this run).
No candidate games available to report a closest call for either.
=== Run started: Sat Jul 25 01:00:00 EDT 2026 ===
Ingested 0 batter lines across 0 games for 2026-07-25
No new never-before-seen batting lines found for 2026-07-25 (this run).
No candidate games available to report a closest call for either.
=== Run started: Sat Jul 25 05:00:01 EDT 2026 ===
Ingested 323 batter lines across 15 games for 2026-07-24
No new never-before-seen batting lines found for 2026-07-24 (this run).

Posted 0 closest-call tweet(s) for 2026-07-24.
=== Run started: Sat Jul 25 12:00:01 EDT 2026 ===
Ingested 0 batter lines across 0 games for 2026-07-25
No new never-before-seen batting lines found for 2026-07-25 (this run).
No candidate games available to report a closest call for either.
=== Run started: Sat Jul 25 13:00:00 EDT 2026 ===
Ingested 0 batter lines across 0 games for 2026-07-25
No new never-before-seen batting lines found for 2026-07-25 (this run).
No candidate games available to report a closest call for either.
=== Run started: Sat Jul 25 14:00:00 EDT 2026 ===
Ingested 0 batter lines across 0 games for 2026-07-25
No new never-before-seen batting lines found for 2026-07-25 (this run).
No candidate games available to report a closest call for either.
=== Run started: Sat Jul 25 15:00:00 EDT 2026 ===
Ingested 0 batter lines across 0 games for 2026-07-25
No new never-before-seen batting lines found for 2026-07-25 (this run).
No candidate games available to report a closest call for either.
=== Run started: Sat Jul 25 16:00:00 EDT 2026 ===
Ingested 22 batter lines across 1 games for 2026-07-25
No new never-before-seen batting lines found for 2026-07-25 (this run).
---
NO BATTERGAMI.

Hao-Yu Lee | KC @ DET

4 AB | 1 R | 2 H | 1 2B | 1 HR | 2 RBI | 1 SO

This stat line has been posted 717 times before. The last time this happened was on 2026-06-30 by Sal Stewart.

Posted 1 closest-call tweet(s) for 2026-07-25.
=== Run started: Sat Jul 25 17:00:00 EDT 2026 ===
Ingested 22 batter lines across 1 games for 2026-07-25
No new never-before-seen batting lines found for 2026-07-25 (this run).

Posted 0 closest-call tweet(s) for 2026-07-25.
=== Run started: Sat Jul 25 18:00:01 EDT 2026 ===
Ingested 22 batter lines across 1 games for 2026-07-25
No new never-before-seen batting lines found for 2026-07-25 (this run).

Posted 0 closest-call tweet(s) for 2026-07-25.
=== Run started: Sat Jul 25 19:00:00 EDT 2026 ===
Ingested 86 batter lines across 4 games for 2026-07-25
No new never-before-seen batting lines found for 2026-07-25 (this run).
---
NO BATTERGAMI.

CJ Abrams | AZ @ WSH

4 AB | 1 R | 3 H | 1 2B | 1 HR | 3 RBI | 1 SB

This stat line has been posted 12 times before. The last time this happened was on 2020-08-29 by Xander Bogaerts.

Posted 1 closest-call tweet(s) for 2026-07-25.
=== Run started: Sat Jul 25 20:00:00 EDT 2026 ===
Ingested 105 batter lines across 5 games for 2026-07-25
No new never-before-seen batting lines found for 2026-07-25 (this run).
---
NO BATTERGAMI.

Esteury Ruiz | SD @ MIA

2 AB | 2 R | 2 H | 0 RBI | 2 SB

This stat line has been posted 2 times before. The last time this happened was on 2007-08-12 by Alexi Casilla.

Posted 1 closest-call tweet(s) for 2026-07-25.
=== Run started: Sat Jul 25 21:00:01 EDT 2026 ===
Ingested 314 batter lines across 15 games for 2026-07-25
No new never-before-seen batting lines found for 2026-07-25 (this run).
---
NO BATTERGAMI.

Pete Crow-Armstrong | CHC @ PIT

5 AB | 3 R | 4 H | 2 2B | 1 HR | 3 RBI | 1 SO | 1 SB

This stat line has been posted 2 times before. The last time this happened was on 2001-04-26 by Devon White.

Posted 1 closest-call tweet(s) for 2026-07-25.
=== Run started: Sun Jul 26 16:01:28 EDT 2026 ===
Ingested 21 batter lines across 1 games for 2026-07-26
No new never-before-seen batting lines found for 2026-07-26 (this run).
---
NO BATTERGAMI.

Petey Halpin | CLE @ TB

1 AB | 0 H | 0 RBI | 1 SB

This stat line has been posted 537 times before. The last time this happened was on 2026-07-10 by Edouard Julien.

Posted 1 closest-call tweet(s) for 2026-07-26.
=== Run started: Sun Jul 26 17:00:01 EDT 2026 ===
Ingested 195 batter lines across 9 games for 2026-07-26
No new never-before-seen batting lines found for 2026-07-26 (this run).
---
NO BATTERGAMI.

Jahmai Jones | TOR @ BOS

1 AB | 1 R | 1 H | 1 2B | 2 RBI | 1 SB

This stat line has been posted 6 times before. The last time this happened was on 1995-06-06 by Eric Young.

Posted 1 closest-call tweet(s) for 2026-07-26.
=== Run started: Sun Jul 26 18:00:00 EDT 2026 ===
Ingested 289 batter lines across 13 games for 2026-07-26
---
🚨 BATTERGAMI 🚨

Ryan Kreidler just posted a line that has NEVER happened in MLB history:

4 AB | 3 R | 3 H | 2 2B | 1 3B | 1 RBI | 2 SB

ATH @ MIN
That's the 78th Battergami of 2026 and 1 of 34,858+ unique lines on record.
=== Run started: Sun Jul 26 19:00:00 EDT 2026 ===
Ingested 310 batter lines across 14 games for 2026-07-26
No new never-before-seen batting lines found for 2026-07-26 (this run).
---
NO BATTERGAMI.

Drake Baldwin | ATL @ BAL

3 AB | 2 H | 0 RBI | 3 BB | 1 SO

This stat line has been posted 2 times before. The last time this happened was on 2012-04-13 by Joey Votto.

Posted 1 closest-call tweet(s) for 2026-07-26.
=== Run started: Sun Jul 26 20:00:00 EDT 2026 ===
Ingested 310 batter lines across 14 games for 2026-07-26
No new never-before-seen batting lines found for 2026-07-26 (this run).

Posted 0 closest-call tweet(s) for 2026-07-26.
=== Run started: Sun Jul 26 21:00:00 EDT 2026 ===
Ingested 310 batter lines across 14 games for 2026-07-26
No new never-before-seen batting lines found for 2026-07-26 (this run).

Posted 0 closest-call tweet(s) for 2026-07-26.
=== Run started: Sun Jul 26 22:00:00 EDT 2026 ===
Ingested 310 batter lines across 14 games for 2026-07-26
No new never-before-seen batting lines found for 2026-07-26 (this run).

Posted 0 closest-call tweet(s) for 2026-07-26.
=== Run started: Sun Jul 26 23:00:00 EDT 2026 ===
Ingested 332 batter lines across 15 games for 2026-07-26
---
🚨 BATTERGAMI 🚨

Alec Bohm just posted a line that has NEVER happened in MLB history:

4 AB | 2 R | 1 H | 1 2B | 4 RBI | 2 SO

NYY @ PHI
That's the 79th Battergami of 2026 and 1 of 34,859+ unique lines on record.
=== Run started: Mon Jul 27 00:00:00 EDT 2026 ===
Ingested 0 batter lines across 0 games for 2026-07-27
No new never-before-seen batting lines found for 2026-07-27 (this run).
No candidate games available to report a closest call for either.
=== Run started: Mon Jul 27 01:00:00 EDT 2026 ===
Ingested 0 batter lines across 0 games for 2026-07-27
No new never-before-seen batting lines found for 2026-07-27 (this run).
No candidate games available to report a closest call for either.
=== Run started: Mon Jul 27 05:00:00 EDT 2026 ===
Ingested 332 batter lines across 15 games for 2026-07-26
No new never-before-seen batting lines found for 2026-07-26 (this run).

Posted 0 closest-call tweet(s) for 2026-07-26.
=== Run started: Mon Jul 27 12:00:00 EDT 2026 ===
Ingested 0 batter lines across 0 games for 2026-07-27
No new never-before-seen batting lines found for 2026-07-27 (this run).
No candidate games available to report a closest call for either.
=== Run started: Mon Jul 27 13:00:01 EDT 2026 ===
Ingested 0 batter lines across 0 games for 2026-07-27
No new never-before-seen batting lines found for 2026-07-27 (this run).
No candidate games available to report a closest call for either.
=== Run started: Mon Jul 27 14:00:01 EDT 2026 ===
Ingested 0 batter lines across 0 games for 2026-07-27
No new never-before-seen batting lines found for 2026-07-27 (this run).
No candidate games available to report a closest call for either.
=== Run started: Mon Jul 27 15:00:00 EDT 2026 ===
Ingested 0 batter lines across 0 games for 2026-07-27
No new never-before-seen batting lines found for 2026-07-27 (this run).
No candidate games available to report a closest call for either.
=== Run started: Mon Jul 27 16:00:00 EDT 2026 ===
Ingested 0 batter lines across 0 games for 2026-07-27
No new never-before-seen batting lines found for 2026-07-27 (this run).
No candidate games available to report a closest call for either.
=== Run started: Mon Jul 27 17:00:01 EDT 2026 ===
Ingested 0 batter lines across 0 games for 2026-07-27
No new never-before-seen batting lines found for 2026-07-27 (this run).
No candidate games available to report a closest call for either.
=== Run started: Mon Jul 27 18:00:01 EDT 2026 ===
Ingested 18 batter lines across 1 games for 2026-07-27
No new never-before-seen batting lines found for 2026-07-27 (this run).
---
NO BATTERGAMI.

Brandon Nimmo | SEA @ TEX

4 AB | 2 H | 2 2B | 0 RBI | 2 SO

This stat line has been posted 89 times before. The last time this happened was on 2026-07-04 by Victor Bericoto.

Posted 1 closest-call tweet(s) for 2026-07-27.
=== Run started: Mon Jul 27 19:00:01 EDT 2026 ===
Ingested 18 batter lines across 1 games for 2026-07-27
No new never-before-seen batting lines found for 2026-07-27 (this run).

Posted 0 closest-call tweet(s) for 2026-07-27.
=== Run started: Mon Jul 27 20:00:00 EDT 2026 ===
Ingested 18 batter lines across 2 games for 2026-07-27
No new never-before-seen batting lines found for 2026-07-27 (this run).

Posted 0 closest-call tweet(s) for 2026-07-27.
=== Run started: Mon Jul 27 21:00:01 EDT 2026 ===
Ingested 18 batter lines across 2 games for 2026-07-27
No new never-before-seen batting lines found for 2026-07-27 (this run).

Posted 0 closest-call tweet(s) for 2026-07-27.
=== Run started: Mon Jul 27 22:00:01 EDT 2026 ===
Ingested 124 batter lines across 7 games for 2026-07-27
---
🚨 BATTERGAMI 🚨

Francisco Lindor just posted a line that has NEVER happened in MLB history:

5 AB | 2 R | 3 H | 1 3B | 2 HR | 6 RBI | 1 BB

ATL @ NYM
That's the 80th Battergami of 2026 and 1 of 34,860+ unique lines on record.
=== Run started: Mon Jul 27 23:00:00 EDT 2026 ===
Ingested 124 batter lines across 7 games for 2026-07-27
No new never-before-seen batting lines found for 2026-07-27 (this run).
---
NO BATTERGAMI.

Otto Lopez | PHI @ MIA

5 AB | 2 R | 3 H | 1 3B | 1 RBI | 2 SB

This stat line has been posted 4 times before. The last time this happened was on 1987-06-20 by Tony Gwynn.

Posted 1 closest-call tweet(s) for 2026-07-27.
=== Run started: Tue Jul 28 00:00:01 EDT 2026 ===
Ingested 0 batter lines across 0 games for 2026-07-28
No new never-before-seen batting lines found for 2026-07-28 (this run).
No candidate games available to report a closest call for either.
=== Run started: Tue Jul 28 01:00:00 EDT 2026 ===
Ingested 0 batter lines across 0 games for 2026-07-28
No new never-before-seen batting lines found for 2026-07-28 (this run).
No candidate games available to report a closest call for either.
=== Run started: Tue Jul 28 05:00:00 EDT 2026 ===
Ingested 230 batter lines across 12 games for 2026-07-27
---
🚨 BATTERGAMI 🚨

Jazz Chisholm Jr. just posted a line that has NEVER happened in MLB history:

4 AB | 2 R | 2 H | 1 2B | 2 RBI | 2 SO | 2 SB

NYY @ CWS
That's the 81st Battergami of 2026 and 1 of 34,861+ unique lines on record.
=== Run started: Tue Jul 28 12:00:00 EDT 2026 ===
Ingested 0 batter lines across 0 games for 2026-07-28
No new never-before-seen batting lines found for 2026-07-28 (this run).
No candidate games available to report a closest call for either.
=== Run started: Tue Jul 28 17:00:00 EDT 2026 ===
Ingested 19 batter lines across 2 games for 2026-07-28
No new never-before-seen batting lines found for 2026-07-28 (this run).
---
NO BATTERGAMI.

Sal Stewart | CLE @ CIN

3 AB | 1 R | 2 H | 1 HR | 3 RBI | 2 BB | 1 SB

This stat line has been posted 5 times before. The last time this happened was on 2023-09-15 by Fernando Tatis.

Posted 1 closest-call tweet(s) for 2026-07-28.
=== Run started: Tue Jul 28 18:00:00 EDT 2026 ===
Ingested 19 batter lines across 2 games for 2026-07-28
No new never-before-seen batting lines found for 2026-07-28 (this run).

Posted 0 closest-call tweet(s) for 2026-07-28.
=== Run started: Tue Jul 28 19:00:00 EDT 2026 ===
Ingested 19 batter lines across 2 games for 2026-07-28
No new never-before-seen batting lines found for 2026-07-28 (this run).

Posted 0 closest-call tweet(s) for 2026-07-28.
=== Run started: Tue Jul 28 20:00:00 EDT 2026 ===
Ingested 19 batter lines across 2 games for 2026-07-28
No new never-before-seen batting lines found for 2026-07-28 (this run).

Posted 0 closest-call tweet(s) for 2026-07-28.
=== Run started: Tue Jul 28 21:00:01 EDT 2026 ===
Ingested 19 batter lines across 2 games for 2026-07-28
No new never-before-seen batting lines found for 2026-07-28 (this run).

Posted 0 closest-call tweet(s) for 2026-07-28.
=== Run started: Tue Jul 28 22:00:01 EDT 2026 ===
Ingested 104 batter lines across 6 games for 2026-07-28
No new never-before-seen batting lines found for 2026-07-28 (this run).
---
NO BATTERGAMI.

Kevin McGonigle | BAL @ DET

5 AB | 4 R | 4 H | 1 RBI | 1 BB

This stat line has been posted 3 times before. The last time this happened was on 2020-08-25 by Evan Longoria.

Posted 1 closest-call tweet(s) for 2026-07-28.
=== Run started: Tue Jul 28 23:00:00 EDT 2026 ===
Ingested 219 batter lines across 11 games for 2026-07-28
No new never-before-seen batting lines found for 2026-07-28 (this run).
---
NO BATTERGAMI.

Jacob Young | TOR @ WSH

1 R | 0 H | 2 RBI | 3 BB

This stat line has been posted 1 time before. The last time this happened was on 1992-05-07 by Kevin McReynolds.

Posted 1 closest-call tweet(s) for 2026-07-28.
=== Run started: Wed Jul 29 00:00:00 EDT 2026 ===
Ingested 0 batter lines across 0 games for 2026-07-29
No new never-before-seen batting lines found for 2026-07-29 (this run).
No candidate games available to report a closest call for either.
=== Run started: Wed Jul 29 01:00:01 EDT 2026 ===
Ingested 0 batter lines across 0 games for 2026-07-29
No new never-before-seen batting lines found for 2026-07-29 (this run).
No candidate games available to report a closest call for either.
